Archive member included to satisfy reference by file (symbol)

C:/ST/STM32CubeIDE_1.8.0/STM32CubeIDE/plugins/com.st.stm32cube.ide.mcu.externaltools.gnu-tools-for-stm32.11.3.rel1.win32_1.1.0.202305231506/tools/bin/../lib/gcc/arm-none-eabi/11.3.1/../../../../arm-none-eabi/lib/thumb/v7e-m+fp/hard\libc_nano.a(libc_a-exit.o)
                              C:/ST/STM32CubeIDE_1.8.0/STM32CubeIDE/plugins/com.st.stm32cube.ide.mcu.externaltools.gnu-tools-for-stm32.11.3.rel1.win32_1.1.0.202305231506/tools/bin/../lib/gcc/arm-none-eabi/11.3.1/../../../../arm-none-eabi/lib/thumb/v7e-m+fp/hard/crt0.o (exit)
C:/ST/STM32CubeIDE_1.8.0/STM32CubeIDE/plugins/com.st.stm32cube.ide.mcu.externaltools.gnu-tools-for-stm32.11.3.rel1.win32_1.1.0.202305231506/tools/bin/../lib/gcc/arm-none-eabi/11.3.1/../../../../arm-none-eabi/lib/thumb/v7e-m+fp/hard\libc_nano.a(libc_a-findfp.o)
                              C:/ST/STM32CubeIDE_1.8.0/STM32CubeIDE/plugins/com.st.stm32cube.ide.mcu.externaltools.gnu-tools-for-stm32.11.3.rel1.win32_1.1.0.202305231506/tools/bin/../lib/gcc/arm-none-eabi/11.3.1/../../../../arm-none-eabi/lib/thumb/v7e-m+fp/hard\libc_nano.a(libc_a-exit.o) (__stdio_exit_handler)
C:/ST/STM32CubeIDE_1.8.0/STM32CubeIDE/plugins/com.st.stm32cube.ide.mcu.externaltools.gnu-tools-for-stm32.11.3.rel1.win32_1.1.0.202305231506/tools/bin/../lib/gcc/arm-none-eabi/11.3.1/../../../../arm-none-eabi/lib/thumb/v7e-m+fp/hard\libc_nano.a(libc_a-fwalk.o)
                              C:/ST/STM32CubeIDE_1.8.0/STM32CubeIDE/plugins/com.st.stm32cube.ide.mcu.externaltools.gnu-tools-for-stm32.11.3.rel1.win32_1.1.0.202305231506/tools/bin/../lib/gcc/arm-none-eabi/11.3.1/../../../../arm-none-eabi/lib/thumb/v7e-m+fp/hard\libc_nano.a(libc_a-findfp.o) (_fwalk_sglue)
C:/ST/STM32CubeIDE_1.8.0/STM32CubeIDE/plugins/com.st.stm32cube.ide.mcu.externaltools.gnu-tools-for-stm32.11.3.rel1.win32_1.1.0.202305231506/tools/bin/../lib/gcc/arm-none-eabi/11.3.1/../../../../arm-none-eabi/lib/thumb/v7e-m+fp/hard\libc_nano.a(libc_a-stdio.o)
                              C:/ST/STM32CubeIDE_1.8.0/STM32CubeIDE/plugins/com.st.stm32cube.ide.mcu.externaltools.gnu-tools-for-stm32.11.3.rel1.win32_1.1.0.202305231506/tools/bin/../lib/gcc/arm-none-eabi/11.3.1/../../../../arm-none-eabi/lib/thumb/v7e-m+fp/hard\libc_nano.a(libc_a-findfp.o) (__sread)
C:/ST/STM32CubeIDE_1.8.0/STM32CubeIDE/plugins/com.st.stm32cube.ide.mcu.externaltools.gnu-tools-for-stm32.11.3.rel1.win32_1.1.0.202305231506/tools/bin/../lib/gcc/arm-none-eabi/11.3.1/../../../../arm-none-eabi/lib/thumb/v7e-m+fp/hard\libc_nano.a(libc_a-memset.o)
                              C:/ST/STM32CubeIDE_1.8.0/STM32CubeIDE/plugins/com.st.stm32cube.ide.mcu.externaltools.gnu-tools-for-stm32.11.3.rel1.win32_1.1.0.202305231506/tools/bin/../lib/gcc/arm-none-eabi/11.3.1/../../../../arm-none-eabi/lib/thumb/v7e-m+fp/hard/crt0.o (memset)
C:/ST/STM32CubeIDE_1.8.0/STM32CubeIDE/plugins/com.st.stm32cube.ide.mcu.externaltools.gnu-tools-for-stm32.11.3.rel1.win32_1.1.0.202305231506/tools/bin/../lib/gcc/arm-none-eabi/11.3.1/../../../../arm-none-eabi/lib/thumb/v7e-m+fp/hard\libc_nano.a(libc_a-closer.o)
                              C:/ST/STM32CubeIDE_1.8.0/STM32CubeIDE/plugins/com.st.stm32cube.ide.mcu.externaltools.gnu-tools-for-stm32.11.3.rel1.win32_1.1.0.202305231506/tools/bin/../lib/gcc/arm-none-eabi/11.3.1/../../../../arm-none-eabi/lib/thumb/v7e-m+fp/hard\libc_nano.a(libc_a-stdio.o) (_close_r)
C:/ST/STM32CubeIDE_1.8.0/STM32CubeIDE/plugins/com.st.stm32cube.ide.mcu.externaltools.gnu-tools-for-stm32.11.3.rel1.win32_1.1.0.202305231506/tools/bin/../lib/gcc/arm-none-eabi/11.3.1/../../../../arm-none-eabi/lib/thumb/v7e-m+fp/hard\libc_nano.a(libc_a-reent.o)
                              C:/ST/STM32CubeIDE_1.8.0/STM32CubeIDE/plugins/com.st.stm32cube.ide.mcu.externaltools.gnu-tools-for-stm32.11.3.rel1.win32_1.1.0.202305231506/tools/bin/../lib/gcc/arm-none-eabi/11.3.1/../../../../arm-none-eabi/lib/thumb/v7e-m+fp/hard\libc_nano.a(libc_a-closer.o) (errno)
C:/ST/STM32CubeIDE_1.8.0/STM32CubeIDE/plugins/com.st.stm32cube.ide.mcu.externaltools.gnu-tools-for-stm32.11.3.rel1.win32_1.1.0.202305231506/tools/bin/../lib/gcc/arm-none-eabi/11.3.1/../../../../arm-none-eabi/lib/thumb/v7e-m+fp/hard\libc_nano.a(libc_a-impure.o)
                              C:/ST/STM32CubeIDE_1.8.0/STM32CubeIDE/plugins/com.st.stm32cube.ide.mcu.externaltools.gnu-tools-for-stm32.11.3.rel1.win32_1.1.0.202305231506/tools/bin/../lib/gcc/arm-none-eabi/11.3.1/../../../../arm-none-eabi/lib/thumb/v7e-m+fp/hard\libc_nano.a(libc_a-reent.o) (_impure_ptr)
C:/ST/STM32CubeIDE_1.8.0/STM32CubeIDE/plugins/com.st.stm32cube.ide.mcu.externaltools.gnu-tools-for-stm32.11.3.rel1.win32_1.1.0.202305231506/tools/bin/../lib/gcc/arm-none-eabi/11.3.1/../../../../arm-none-eabi/lib/thumb/v7e-m+fp/hard\libc_nano.a(libc_a-lseekr.o)
[...]
Memory Configuration

Name             Origin             Length             Attributes
RAM              0x0000000020000000 0x0000000000020000 xrw
FLASH            0x0000000008000000 0x0000000000080000 xr
*default*        0x0000000000000000 0xffffffffffffffff

Linker script and memory map

LOAD C:/ST/STM32CubeIDE_1.8.0/STM32CubeIDE/plugins/com.st.stm32cube.ide.mcu.externaltools.gnu-tools-for-stm32.11.3.rel1.win32_1.1.0.202305231506/tools/bin/../lib/gcc/arm-none-eabi/11.3.1/thumb/v7e-m+fp/hard/crti.o
LOAD C:/ST/STM32CubeIDE_1.8.0/STM32CubeIDE/plugins/com.st.stm32cube.ide.mcu.externaltools.gnu-tools-for-stm32.11.3.rel1.win32_1.1.0.202305231506/tools/bin/../lib/gcc/arm-none-eabi/11.3.1/thumb/v7e-m+fp/hard/crtbegin.o
LOAD C:/ST/STM32CubeIDE_1.8.0/STM32CubeIDE/plugins/com.st.stm32cube.ide.mcu.externaltools.gnu-tools-for-stm32.11.3.rel1.win32_1.1.0.202305231506/tools/bin/../lib/gcc/arm-none-eabi/11.3.1/../../../../arm-none-eabi/lib/thumb/v7e-m+fp/hard/crt0.o
LOAD ./Core/Src/gpio.o
LOAD ./Core/Src/main.o
LOAD ./Core/Src/spi.o
LOAD ./Core/Src/stm32g4xx_hal_msp.o
LOAD ./Core/Src/stm32g4xx_it.o
LOAD ./Core/Src/syscalls.o
LOAD ./Core/Src/sysmem.o
LOAD ./Core/Src/system_stm32g4xx.o
LOAD ./Core/Src/tmc5160.o
LOAD ./Core/Startup/startup_stm32g474retx.o
LOAD ./Drivers/STM32G4xx_HAL_Driver/Src/stm32g4xx_hal.o
LOAD ./Drivers/STM32G4xx_HAL_Driver/Src/stm32g4xx_hal_cortex.o
LOAD ./Drivers/STM32G4xx_HAL_Driver/Src/stm32g4xx_hal_dma.o
LOAD ./Drivers/STM32G4xx_HAL_Driver/Src/stm32g4xx_hal_dma_ex.o
LOAD ./Drivers/STM32G4xx_HAL_Driver/Src/stm32g4xx_hal_exti.o
LOAD ./Drivers/STM32G4xx_HAL_Driver/Src/stm32g4xx_hal_flash.o
LOAD ./Drivers/STM32G4xx_HAL_Driver/Src/stm32g4xx_hal_flash_ex.o
LOAD ./Drivers/STM32G4xx_HAL_Driver/Src/stm32g4xx_hal_flash_ramfunc.o
LOAD ./Drivers/STM32G4xx_HAL_Driver/Src/stm32g4xx_hal_gpio.o
LOAD ./Drivers/STM32G4xx_HAL_Driver/Src/stm32g4xx_hal_pwr.o
LOAD ./Drivers/STM32G4xx_HAL_Driver/Src/stm32g4xx_hal_pwr_ex.o
LOAD ./Drivers/STM32G4xx_HAL_Driver/Src/stm32g4xx_hal_rcc.o
LOAD ./Drivers/STM32G4xx_HAL_Driver/Src/stm32g4xx_hal_rcc_ex.o
LOAD ./Drivers/STM32G4xx_HAL_Driver/Src/stm32g4xx_hal_spi.o
LOAD ./Drivers/STM32G4xx_HAL_Driver/Src/stm32g4xx_hal_spi_ex.o
LOAD ./Drivers/STM32G4xx_HAL_Driver/Src/stm32g4xx_hal_tim.o
LOAD ./Drivers/STM32G4xx_HAL_Driver/Src/stm32g4xx_hal_tim_ex.o
START GROUP
LOAD C:/ST/STM32CubeIDE_1.8.0/STM32CubeIDE/plugins/com.st.stm32cube.ide.mcu.externaltools.gnu-tools-for-stm32.11.3.rel1.win32_1.1.0.202305231506/tools/bin/../lib/gcc/arm-none-eabi/11.3.1/../../../../arm-none-eabi/lib/thumb/v7e-m+fp/hard\libc_nano.a
LOAD C:/ST/STM32CubeIDE_1.8.0/STM32CubeIDE/plugins/com.st.stm32cube.ide.mcu.externaltools.gnu-tools-for-stm32.11.3.rel1.win32_1.1.0.202305231506/tools/bin/../lib/gcc/arm-none-eabi/11.3.1/../../../../arm-none-eabi/lib/thumb/v7e-m+fp/hard\libm.a
END GROUP
START GROUP
LOAD C:/ST/STM32CubeIDE_1.8.0/STM32CubeIDE/plugins/com.st.stm32cube.ide.mcu.externaltools.gnu-tools-for-stm32.11.3.rel1.win32_1.1.0.202305231506/tools/bin/../lib/gcc/arm-none-eabi/11.3.1/thumb/v7e-m+fp/hard\libgcc.a
LOAD C:/ST/STM32CubeIDE_1.8.0/STM32CubeIDE/plugins/com.st.stm32cube.ide.mcu.externaltools.gnu-tools-for-stm32.11.3.rel1.win32_1.1.0.202305231506/tools/bin/../lib/gcc/arm-none-eabi/11.3.1/../../../../arm-none-eabi/lib/thumb/v7e-m+fp/hard\libc_nano.a
END GROUP
START GROUP
LOAD C:/ST/STM32CubeIDE_1.8.0/STM32CubeIDE/plugins/com.st.stm32cube.ide.mcu.externaltools.gnu-tools-for-stm32.11.3.rel1.win32_1.1.0.202305231506/tools/bin/../lib/gcc/arm-none-eabi/11.3.1/thumb/v7e-m+fp/hard\libgcc.a
LOAD C:/ST/STM32CubeIDE_1.8.0/STM32CubeIDE/plugins/com.st.stm32cube.ide.mcu.externaltools.gnu-tools-for-stm32.11.3.rel1.win32_1.1.0.202305231506/tools/bin/../lib/gcc/arm-none-eabi/11.3.1/../../../../arm-none-eabi/lib/thumb/v7e-m+fp/hard\libc_nano.a
LOAD C:/ST/STM32CubeIDE_1.8.0/STM32CubeIDE/plugins/com.st.stm32cube.ide.mcu.externaltools.gnu-tools-for-stm32.11.3.rel1.win32_1.1.0.202305231506/tools/bin/../lib/gcc/arm-none-eabi/11.3.1/../../../../arm-none-eabi/lib/thumb/v7e-m+fp/hard\libnosys.a
END GROUP
START GROUP
LOAD C:/ST/STM32CubeIDE_1.8.0/STM32CubeIDE/plugins/com.st.stm32cube.ide.mcu.externaltools.gnu-tools-for-stm32.11.3.rel1.win32_1.1.0.202305231506/tools/bin/../lib/gcc/arm-none-eabi/11.3.1/thumb/v7e-m+fp/hard\libgcc.a
LOAD C:/ST/STM32CubeIDE_1.8.0/STM32CubeIDE/plugins/com.st.stm32cube.ide.mcu.externaltools.gnu-tools-for-stm32.11.3.rel1.win32_1.1.0.202305231506/tools/bin/../lib/gcc/arm-none-eabi/11.3.1/../../../../arm-none-eabi/lib/thumb/v7e-m+fp/hard\libc_nano.a
LOAD C:/ST/STM32CubeIDE_1.8.0/STM32CubeIDE/plugins/com.st.stm32cube.ide.mcu.externaltools.gnu-tools-for-stm32.11.3.rel1.win32_1.1.0.202305231506/tools/bin/../lib/gcc/arm-none-eabi/11.3.1/../../../../arm-none-eabi/lib/thumb/v7e-m+fp/hard\libnosys.a
END GROUP
LOAD C:/ST/STM32CubeIDE_1.8.0/STM32CubeIDE/plugins/com.st.stm32cube.ide.mcu.externaltools.gnu-tools-for-stm32.11.3.rel1.win32_1.1.0.202305231506/tools/bin/../lib/gcc/arm-none-eabi/11.3.1/thumb/v7e-m+fp/hard/crtend.o
LOAD C:/ST/STM32CubeIDE_1.8.0/STM32CubeIDE/plugins/com.st.stm32cube.ide.mcu.externaltools.gnu-tools-for-stm32.11.3.rel1.win32_1.1.0.202305231506/tools/bin/../lib/gcc/arm-none-eabi/11.3.1/thumb/v7e-m+fp/hard/crtn.o
                0x0000000020020000                _estack = (ORIGIN (RAM) + LENGTH (RAM))
                0x0000000000000200                _Min_Heap_Size = 0x200
                0x0000000000000400                _Min_Stack_Size = 0x400

.isr_vector     0x0000000008000000      0x1d8
                0x0000000008000000                . = ALIGN (0x4)
 *(.isr_vector)
 .isr_vector    0x0000000008000000      0x1d8 ./Core/Startup/startup_stm32g474retx.o
                0x0000000008000000                g_pfnVectors
                0x00000000080001d8                . = ALIGN (0x4)

.text           0x00000000080001d8     0x2e14
                0x00000000080001d8                . = ALIGN (0x4)
 *(.text)
 .text          0x00000000080001d8       0x40 C:/ST/STM32CubeIDE_1.8.0/STM32CubeIDE/plugins/com.st.stm32cube.ide.mcu.externaltools.gnu-tools-for-stm32.11.3.rel1.win32_1.1.0.202305231506/tools/bin/../lib/gcc/arm-none-eabi/11.3.1/thumb/v7e-m+fp/hard/crtbegin.o
 .text          0x0000000008000218      0x378 C:/ST/STM32CubeIDE_1.8.0/STM32CubeIDE/plugins/com.st.stm32cube.ide.mcu.externaltools.gnu-tools-for-stm32.11.3.rel1.win32_1.1.0.202305231506/tools/bin/../lib/gcc/arm-none-eabi/11.3.1/thumb/v7e-m+fp/hard\libgcc.a(_arm_addsubdf3.o)
                0x0000000008000218                __aeabi_drsub
                0x0000000008000220                __aeabi_dsub
                0x0000000008000220                __subdf3
                0x0000000008000224                __aeabi_dadd
                0x0000000008000224                __adddf3
                0x000000000800049c                __floatunsidf
                0x000000000800049c                __aeabi_ui2d
                0x00000000080004bc                __floatsidf
                0x00000000080004bc                __aeabi_i2d
                0x00000000080004e0                __aeabi_f2d
                0x00000000080004e0                __extendsfdf2
                0x0000000008000524                __floatundidf
                0x0000000008000524                __aeabi_ul2d
                0x0000000008000534                __floatdidf
                0x0000000008000534                __aeabi_l2d
 .text          0x0000000008000590      0x424 C:/ST/STM32CubeIDE_1.8.0/STM32CubeIDE/plugins/com.st.stm32cube.ide.mcu.externaltools.gnu-tools-for-stm32.11.3.rel1.win32_1.1.0.202305231506/tools/bin/../lib/gcc/arm-none-eabi/11.3.1/thumb/v7e-m+fp/hard\libgcc.a(_arm_muldivdf3.o)
                0x0000000008000590                __aeabi_dmul
                0x0000000008000590                __muldf3
                0x00000000080007e4                __divdf3
                0x00000000080007e4                __aeabi_ddiv
 .text          0x00000000080009b4       0x40 C:/ST/STM32CubeIDE_1.8.0/STM32CubeIDE/plugins/com.st.stm32cube.ide.mcu.externaltools.gnu-tools-for-stm32.11.3.rel1.win32_1.1.0.202305231506/tools/bin/../lib/gcc/arm-none-eabi/11.3.1/thumb/v7e-m+fp/hard\libgcc.a(_arm_fixunsdfsi.o)
                0x00000000080009b4                __aeabi_d2uiz
                0x00000000080009b4                __fixunsdfsi
 *(.text*)
 .text.MX_GPIO_Init
                0x00000000080009f4      0x104 ./Core/Src/gpio.o
                0x00000000080009f4                MX_GPIO_Init
 .text.main     0x0000000008000af8       0x60 ./Core/Src/main.o
                0x0000000008000af8                main
 .text.SystemClock_Config
                0x0000000008000b58       0x92 ./Core/Src/main.o
                0x0000000008000b58                SystemClock_Config
 .text.Error_Handler
                0x0000000008000bea        0xa ./Core/Src/main.o
                0x0000000008000bea                Error_Handler
 .text.MX_SPI1_Init
                0x0000000008000bf4       0x7c ./Core/Src/spi.o
                0x0000000008000bf4                MX_SPI1_Init
 .text.HAL_SPI_MspInit
                0x0000000008000c70       0xa8 ./Core/Src/spi.o
                0x0000000008000c70                HAL_SPI_MspInit
 .text.HAL_MspInit
                0x0000000008000d18       0x48 ./Core/Src/stm32g4xx_hal_msp.o
                0x0000000008000d18                HAL_MspInit
 .text.NMI_Handler
                0x0000000008000d60        0x6 ./Core/Src/stm32g4xx_it.o
                0x0000000008000d60                NMI_Handler
 .text.HardFault_Handler
                0x0000000008000d66        0x6 ./Core/Src/stm32g4xx_it.o
                0x0000000008000d66                HardFault_Handler
 .text.MemManage_Handler
                0x0000000008000d6c        0x6 ./Core/Src/stm32g4xx_it.o
                0x0000000008000d6c                MemManage_Handler
 .text.BusFault_Handler
                0x0000000008000d72        0x6 ./Core/Src/stm32g4xx_it.o
                0x0000000008000d72                BusFault_Handler
 .text.UsageFault_Handler
                0x0000000008000d78        0x6 ./Core/Src/stm32g4xx_it.o
                0x0000000008000d78                UsageFault_Handler
 .text.SVC_Handler
                0x0000000008000d7e        0xe ./Core/Src/stm32g4xx_it.o
                0x0000000008000d7e                SVC_Handler
 .text.DebugMon_Handler
                0x0000000008000d8c        0xe ./Core/Src/stm32g4xx_it.o
                0x0000000008000d8c                DebugMon_Handler
 .text.PendSV_Handler
                0x0000000008000d9a        0xe ./Core/Src/stm32g4xx_it.o
                0x0000000008000d9a                PendSV_Handler
 .text.SysTick_Handler
                0x0000000008000da8        0xc ./Core/Src/stm32g4xx_it.o
                0x0000000008000da8                SysTick_Handler
 .text.SystemInit
                0x0000000008000db4       0x24 ./Core/Src/system_stm32g4xx.o
                0x0000000008000db4                SystemInit
 .text.tmc5160_position
                0x0000000008000dd8       0x62 ./Core/Src/tmc5160.o
                0x0000000008000dd8                tmc5160_position
 *fill*         0x0000000008000e3a        0x6 
 .text.tmc5160_velocity
                0x0000000008000e40       0xa0 ./Core/Src/tmc5160.o
                0x0000000008000e40                tmc5160_velocity
 .text.tmc5160_write
                0x0000000008000ee0       0x3c ./Core/Src/tmc5160.o
                0x0000000008000ee0                tmc5160_write
 .text.tmc5160_read
                0x0000000008000f1c       0x6c ./Core/Src/tmc5160.o
                0x0000000008000f1c                tmc5160_read
 .text.tmc5160_position_read
                0x0000000008000f88       0x70 ./Core/Src/tmc5160.o
                0x0000000008000f88                tmc5160_position_read
 .text.tmc5160_init
                0x0000000008000ff8      0x1d0 ./Core/Src/tmc5160.o
                0x0000000008000ff8                tmc5160_init
 .text.tmc5160_set_zero
                0x00000000080011c8       0x5e ./Core/Src/tmc5160.o
                0x00000000080011c8                tmc5160_set_zero
 .text.tmc5160_stop
                0x0000000008001226       0x62 ./Core/Src/tmc5160.o
                0x0000000008001226                tmc5160_stop
 .text.Reset_Handler
                0x0000000008001288       0x50 ./Core/Startup/startup_stm32g474retx.o
                0x0000000008001288                Reset_Handler
 .text.Default_Handler
                0x00000000080012d8        0x2 ./Core/Startup/startup_stm32g474retx.o
                0x00000000080012d8                RTC_Alarm_IRQHandler
                0x00000000080012d8                EXTI2_IRQHandler
                0x00000000080012d8                TIM8_TRG_COM_IRQHandler
                0x00000000080012d8                TIM8_CC_IRQHandler
                0x00000000080012d8                HRTIM1_Master_IRQHandler
                0x00000000080012d8                SPI4_IRQHandler
                0x00000000080012d8                FDCAN3_IT0_IRQHandler
                0x00000000080012d8                TIM1_CC_IRQHandler
                0x00000000080012d8                HRTIM1_FLT_IRQHandler
                0x00000000080012d8                HRTIM1_TIMF_IRQHandler
                0x00000000080012d8                USB_HP_IRQHandler
                0x00000000080012d8                CORDIC_IRQHandler
                0x00000000080012d8                HRTIM1_TIMD_IRQHandler
                0x00000000080012d8                DMA2_Channel8_IRQHandler
                0x00000000080012d8                EXTI3_IRQHandler
                0x00000000080012d8                I2C3_ER_IRQHandler
                0x00000000080012d8                EXTI0_IRQHandler
                0x00000000080012d8                I2C2_EV_IRQHandler
                0x00000000080012d8                FPU_IRQHandler
                0x00000000080012d8                FDCAN1_IT1_IRQHandler
                0x00000000080012d8                TIM1_UP_TIM16_IRQHandler
                0x00000000080012d8                ADC1_2_IRQHandler
                0x00000000080012d8                HRTIM1_TIME_IRQHandler
                0x00000000080012d8                SPI1_IRQHandler
                0x00000000080012d8                TIM6_DAC_IRQHandler
                0x00000000080012d8                HRTIM1_TIMC_IRQHandler
                0x00000000080012d8                TIM8_UP_IRQHandler
                0x00000000080012d8                DMA2_Channel2_IRQHandler
                0x00000000080012d8                DMA1_Channel4_IRQHandler
                0x00000000080012d8                TIM20_TRG_COM_IRQHandler
                0x00000000080012d8                USART3_IRQHandler
                0x00000000080012d8                DMA1_Channel7_IRQHandler
                0x00000000080012d8                UART5_IRQHandler
                0x00000000080012d8                ADC3_IRQHandler
                0x00000000080012d8                TIM4_IRQHandler
                0x00000000080012d8                DMA2_Channel1_IRQHandler
                0x00000000080012d8                QUADSPI_IRQHandler
                0x00000000080012d8                I2C1_EV_IRQHandler
                0x00000000080012d8                DMA1_Channel6_IRQHandler
                0x00000000080012d8                UART4_IRQHandler
                0x00000000080012d8                DMA2_Channel4_IRQHandler
                0x00000000080012d8                TIM3_IRQHandler
                0x00000000080012d8                RCC_IRQHandler
                0x00000000080012d8                TIM20_UP_IRQHandler
                0x00000000080012d8                DMA1_Channel1_IRQHandler
                0x00000000080012d8                Default_Handler
                0x00000000080012d8                DMA2_Channel7_IRQHandler
                0x00000000080012d8                RTC_TAMP_LSECSS_IRQHandler
                0x00000000080012d8                FMAC_IRQHandler
                0x00000000080012d8                EXTI15_10_IRQHandler
                0x00000000080012d8                DMA1_Channel8_IRQHandler
                0x00000000080012d8                HRTIM1_TIMA_IRQHandler
                0x00000000080012d8                TIM7_DAC_IRQHandler
                0x00000000080012d8                FDCAN3_IT1_IRQHandler
                0x00000000080012d8                TIM5_IRQHandler
                0x00000000080012d8                UCPD1_IRQHandler
                0x00000000080012d8                I2C3_EV_IRQHandler
                0x00000000080012d8                EXTI9_5_IRQHandler
                0x00000000080012d8                RTC_WKUP_IRQHandler
                0x00000000080012d8                PVD_PVM_IRQHandler
                0x00000000080012d8                SPI2_IRQHandler
                0x00000000080012d8                ADC5_IRQHandler
                0x00000000080012d8                DMA2_Channel5_IRQHandler
                0x00000000080012d8                CRS_IRQHandler
                0x00000000080012d8                DMA1_Channel5_IRQHandler
                0x00000000080012d8                USB_LP_IRQHandler
                0x00000000080012d8                EXTI4_IRQHandler
                0x00000000080012d8                RNG_IRQHandler
                0x00000000080012d8                HRTIM1_TIMB_IRQHandler
                0x00000000080012d8                TIM1_TRG_COM_TIM17_IRQHandler
                0x00000000080012d8                FDCAN2_IT1_IRQHandler
                0x00000000080012d8                DMA1_Channel3_IRQHandler
                0x00000000080012d8                ADC4_IRQHandler
                0x00000000080012d8                WWDG_IRQHandler
                0x00000000080012d8                I2C4_EV_IRQHandler
                0x00000000080012d8                FDCAN2_IT0_IRQHandler
                0x00000000080012d8                LPUART1_IRQHandler
                0x00000000080012d8                DMA2_Channel6_IRQHandler
                0x00000000080012d8                FDCAN1_IT0_IRQHandler
                0x00000000080012d8                TIM2_IRQHandler
                0x00000000080012d8                COMP7_IRQHandler
                0x00000000080012d8                COMP1_2_3_IRQHandler
                0x00000000080012d8                EXTI1_IRQHandler
                0x00000000080012d8                USART2_IRQHandler
                0x00000000080012d8                COMP4_5_6_IRQHandler
                0x00000000080012d8                TIM20_BRK_IRQHandler
                0x00000000080012d8                I2C2_ER_IRQHandler
                0x00000000080012d8                DMA1_Channel2_IRQHandler
                0x00000000080012d8                TIM8_BRK_IRQHandler
                0x00000000080012d8                FLASH_IRQHandler
                0x00000000080012d8                TIM20_CC_IRQHandler
                0x00000000080012d8                USART1_IRQHandler
                0x00000000080012d8                SPI3_IRQHandler
                0x00000000080012d8                I2C1_ER_IRQHandler
                0x00000000080012d8                FMC_IRQHandler
                0x00000000080012d8                LPTIM1_IRQHandler
                0x00000000080012d8                DMAMUX_OVR_IRQHandler
                0x00000000080012d8                I2C4_ER_IRQHandler
                0x00000000080012d8                USBWakeUp_IRQHandler
                0x00000000080012d8                SAI1_IRQHandler
                0x00000000080012d8                DMA2_Channel3_IRQHandler
                0x00000000080012d8                TIM1_BRK_TIM15_IRQHandler
 .text.HAL_Init
                0x00000000080012da       0x30 ./Drivers/STM32G4xx_HAL_Driver/Src/stm32g4xx_hal.o
                0x00000000080012da                HAL_Init
 *fill*         0x000000000800130a        0x2 
 .text.HAL_InitTick
                0x000000000800130c       0x74 ./Drivers/STM32G4xx_HAL_Driver/Src/stm32g4xx_hal.o
                0x000000000800130c                HAL_InitTick
 .text.HAL_IncTick
                0x0000000008001380       0x24 ./Drivers/STM32G4xx_HAL_Driver/Src/stm32g4xx_hal.o
                0x0000000008001380                HAL_IncTick
 .text.HAL_GetTick
                0x00000000080013a4       0x18 ./Drivers/STM32G4xx_HAL_Driver/Src/stm32g4xx_hal.o
                0x00000000080013a4                HAL_GetTick
 .text.HAL_Delay
                0x00000000080013bc       0x44 ./Drivers/STM32G4xx_HAL_Driver/Src/stm32g4xx_hal.o
                0x00000000080013bc                HAL_Delay
 .text.__NVIC_SetPriorityGrouping
                0x0000000008001400       0x48 ./Drivers/STM32G4xx_HAL_Driver/Src/stm32g4xx_hal_cortex.o
 .text.__NVIC_GetPriorityGrouping
                0x0000000008001448       0x1c ./Drivers/STM32G4xx_HAL_Driver/Src/stm32g4xx_hal_cortex.o
 .text.__NVIC_SetPriority
                0x0000000008001464       0x54 ./Drivers/STM32G4xx_HAL_Driver/Src/stm32g4xx_hal_cortex.o
 .text.NVIC_EncodePriority
                0x00000000080014b8       0x66 ./Drivers/STM32G4xx_HAL_Driver/Src/stm32g4xx_hal_cortex.o
 *fill*         0x000000000800151e        0x2 
 .text.SysTick_Config
                0x0000000008001520       0x44 ./Drivers/STM32G4xx_HAL_Driver/Src/stm32g4xx_hal_cortex.o
 .text.HAL_NVIC_SetPriorityGrouping
                0x0000000008001564       0x16 ./Drivers/STM32G4xx_HAL_Driver/Src/stm32g4xx_hal_cortex.o
                0x0000000008001564                HAL_NVIC_SetPriorityGrouping
 .text.HAL_NVIC_SetPriority
                0x000000000800157a       0x34 ./Drivers/STM32G4xx_HAL_Driver/Src/stm32g4xx_hal_cortex.o
                0x000000000800157a                HAL_NVIC_SetPriority
 .text.HAL_SYSTICK_Config
                0x00000000080015ae       0x18 ./Drivers/STM32G4xx_HAL_Driver/Src/stm32g4xx_hal_cortex.o
                0x00000000080015ae                HAL_SYSTICK_Config
 *fill*         0x00000000080015c6        0x2 
 .text.HAL_GPIO_Init
                0x00000000080015c8      0x304 ./Drivers/STM32G4xx_HAL_Driver/Src/stm32g4xx_hal_gpio.o
                0x00000000080015c8                HAL_GPIO_Init
 .text.HAL_GPIO_WritePin
                0x00000000080018cc       0x30 ./Drivers/STM32G4xx_HAL_Driver/Src/stm32g4xx_hal_gpio.o
                0x00000000080018cc                HAL_GPIO_WritePin
 .text.HAL_PWREx_ControlVoltageScaling
                0x00000000080018fc      0x148 ./Drivers/STM32G4xx_HAL_Driver/Src/stm32g4xx_hal_pwr_ex.o
                0x00000000080018fc                HAL_PWREx_ControlVoltageScaling
 .text.HAL_PWREx_DisableUCPDDeadBattery
                0x0000000008001a44       0x20 ./Drivers/STM32G4xx_HAL_Driver/Src/stm32g4xx_hal_pwr_ex.o
                0x0000000008001a44                HAL_PWREx_DisableUCPDDeadBattery
 .text.HAL_RCC_OscConfig
                0x0000000008001a64      0x630 ./Drivers/STM32G4xx_HAL_Driver/Src/stm32g4xx_hal_rcc.o
                0x0000000008001a64                HAL_RCC_OscConfig
 .text.HAL_RCC_ClockConfig
                0x0000000008002094      0x278 ./Drivers/STM32G4xx_HAL_Driver/Src/stm32g4xx_hal_rcc.o
                0x0000000008002094                HAL_RCC_ClockConfig
 .text.HAL_RCC_GetSysClockFreq
                0x000000000800230c       0xc4 ./Drivers/STM32G4xx_HAL_Driver/Src/stm32g4xx_hal_rcc.o
                0x000000000800230c                HAL_RCC_GetSysClockFreq
 .text.RCC_GetSysClockFreqFromPLLSource
                0x00000000080023d0       0x8c ./Drivers/STM32G4xx_HAL_Driver/Src/stm32g4xx_hal_rcc.o
 .text.HAL_SPI_Init
                0x000000000800245c      0x156 ./Drivers/STM32G4xx_HAL_Driver/Src/stm32g4xx_hal_spi.o
                0x000000000800245c                HAL_SPI_Init
 .text.HAL_SPI_Transmit
                0x00000000080025b2      0x2dc ./Drivers/STM32G4xx_HAL_Driver/Src/stm32g4xx_hal_spi.o
                0x00000000080025b2                HAL_SPI_Transmit
 .text.HAL_SPI_TransmitReceive
                0x000000000800288e      0x426 ./Drivers/STM32G4xx_HAL_Driver/Src/stm32g4xx_hal_spi.o
                0x000000000800288e                HAL_SPI_TransmitReceive
 .text.SPI_WaitFlagStateUntilTimeout
                0x0000000008002cb4      0x110 ./Drivers/STM32G4xx_HAL_Driver/Src/stm32g4xx_hal_spi.o
 .text.SPI_WaitFifoStateUntilTimeout
                0x0000000008002dc4      0x12c ./Drivers/STM32G4xx_HAL_Driver/Src/stm32g4xx_hal_spi.o
 .text.SPI_EndRxTxTransaction
                0x0000000008002ef0       0x8c ./Drivers/STM32G4xx_HAL_Driver/Src/stm32g4xx_hal_spi.o
 .text.memset   0x0000000008002f7c       0x10 C:/ST/STM32CubeIDE_1.8.0/STM32CubeIDE/plugins/com.st.stm32cube.ide.mcu.externaltools.gnu-tools-for-stm32.11.3.rel1.win32_1.1.0.202305231506/tools/bin/../lib/gcc/arm-none-eabi/11.3.1/../../../../arm-none-eabi/lib/thumb/v7e-m+fp/hard\libc_nano.a(libc_a-memset.o)
                0x0000000008002f7c                memset
 .text.__libc_init_array
                0x0000000008002f8c       0x48 C:/ST/STM32CubeIDE_1.8.0/STM32CubeIDE/plugins/com.st.stm32cube.ide.mcu.externaltools.gnu-tools-for-stm32.11.3.rel1.win32_1.1.0.202305231506/tools/bin/../lib/gcc/arm-none-eabi/11.3.1/../../../../arm-none-eabi/lib/thumb/v7e-m+fp/hard\libc_nano.a(libc_a-init.o)
                0x0000000008002f8c                __libc_init_array
 *(.glue_7)
 .glue_7        0x0000000008002fd4        0x0 linker stubs
 *(.glue_7t)
 .glue_7t       0x0000000008002fd4        0x0 linker stubs
 *(.eh_frame)
 .eh_frame      0x0000000008002fd4        0x0 C:/ST/STM32CubeIDE_1.8.0/STM32CubeIDE/plugins/com.st.stm32cube.ide.mcu.externaltools.gnu-tools-for-stm32.11.3.rel1.win32_1.1.0.202305231506/tools/bin/../lib/gcc/arm-none-eabi/11.3.1/thumb/v7e-m+fp/hard/crtbegin.o
 *(.init)
 .init          0x0000000008002fd4        0x4 C:/ST/STM32CubeIDE_1.8.0/STM32CubeIDE/plugins/com.st.stm32cube.ide.mcu.externaltools.gnu-tools-for-stm32.11.3.rel1.win32_1.1.0.202305231506/tools/bin/../lib/gcc/arm-none-eabi/11.3.1/thumb/v7e-m+fp/hard/crti.o
                0x0000000008002fd4                _init
 .init          0x0000000008002fd8        0x8 C:/ST/STM32CubeIDE_1.8.0/STM32CubeIDE/plugins/com.st.stm32cube.ide.mcu.externaltools.gnu-tools-for-stm32.11.3.rel1.win32_1.1.0.202305231506/tools/bin/../lib/gcc/arm-none-eabi/11.3.1/thumb/v7e-m+fp/hard/crtn.o
 *(.fini)
 .fini          0x0000000008002fe0        0x4 C:/ST/STM32CubeIDE_1.8.0/STM32CubeIDE/plugins/com.st.stm32cube.ide.mcu.externaltools.gnu-tools-for-stm32.11.3.rel1.win32_1.1.0.202305231506/tools/bin/../lib/gcc/arm-none-eabi/11.3.1/thumb/v7e-m+fp/hard/crti.o
                0x0000000008002fe0                _fini
 .fini          0x0000000008002fe4        0x8 C:/ST/STM32CubeIDE_1.8.0/STM32CubeIDE/plugins/com.st.stm32cube.ide.mcu.externaltools.gnu-tools-for-stm32.11.3.rel1.win32_1.1.0.202305231506/tools/bin/../lib/gcc/arm-none-eabi/11.3.1/thumb/v7e-m+fp/hard/crtn.o
                0x0000000008002fec                . = ALIGN (0x4)
                0x0000000008002fec                _etext = .

.vfp11_veneer   0x0000000008002fec        0x0
 .vfp11_veneer  0x0000000008002fec        0x0 linker stubs

.v4_bx          0x0000000008002fec        0x0
 .v4_bx         0x0000000008002fec        0x0 linker stubs

.iplt           0x0000000008002fec        0x0
 .iplt          0x0000000008002fec        0x0 C:/ST/STM32CubeIDE_1.8.0/STM32CubeIDE/plugins/com.st.stm32cube.ide.mcu.externaltools.gnu-tools-for-stm32.11.3.rel1.win32_1.1.0.202305231506/tools/bin/../lib/gcc/arm-none-eabi/11.3.1/thumb/v7e-m+fp/hard/crtbegin.o

.rodata         0x0000000008002fec       0x10
                0x0000000008002fec                . = ALIGN (0x4)
 *(.rodata)
 *(.rodata*)
 .rodata.AHBPrescTable
                0x0000000008002fec       0x10 ./Core/Src/system_stm32g4xx.o
                0x0000000008002fec                AHBPrescTable
                0x0000000008002ffc                . = ALIGN (0x4)

.rel.dyn        0x0000000008002ffc        0x0
 .rel.iplt      0x0000000008002ffc        0x0 C:/ST/STM32CubeIDE_1.8.0/STM32CubeIDE/plugins/com.st.stm32cube.ide.mcu.externaltools.gnu-tools-for-stm32.11.3.rel1.win32_1.1.0.202305231506/tools/bin/../lib/gcc/arm-none-eabi/11.3.1/thumb/v7e-m+fp/hard/crtbegin.o

.ARM.extab      0x0000000008002ffc        0x0
                0x0000000008002ffc                . = ALIGN (0x4)
 *(.ARM.extab* .gnu.linkonce.armextab.*)
                0x0000000008002ffc                . = ALIGN (0x4)

.ARM            0x0000000008002ffc        0x0
                0x0000000008002ffc                . = ALIGN (0x4)
                0x0000000008002ffc                __exidx_start = .
 *(.ARM.exidx*)
                0x0000000008002ffc                __exidx_end = .
                0x0000000008002ffc                . = ALIGN (0x4)

.preinit_array  0x0000000008002ffc        0x0
                0x0000000008002ffc                . = ALIGN (0x4)
                0x0000000008002ffc                PROVIDE (__preinit_array_start = .)
 *(.preinit_array*)
                0x0000000008002ffc                PROVIDE (__preinit_array_end = .)
                0x0000000008002ffc                . = ALIGN (0x4)

.init_array     0x0000000008002ffc        0x4
                0x0000000008002ffc                . = ALIGN (0x4)
                0x0000000008002ffc                PROVIDE (__init_array_start = .)
 *(SORT_BY_NAME(.init_array.*))
 *(.init_array*)
 .init_array    0x0000000008002ffc        0x4 C:/ST/STM32CubeIDE_1.8.0/STM32CubeIDE/plugins/com.st.stm32cube.ide.mcu.externaltools.gnu-tools-for-stm32.11.3.rel1.win32_1.1.0.202305231506/tools/bin/../lib/gcc/arm-none-eabi/11.3.1/thumb/v7e-m+fp/hard/crtbegin.o
                0x0000000008003000                PROVIDE (__init_array_end = .)
                0x0000000008003000                . = ALIGN (0x4)

.fini_array     0x0000000008003000        0x4
                0x0000000008003000                . = ALIGN (0x4)
                [!provide]                        PROVIDE (__fini_array_start = .)
 *(SORT_BY_NAME(.fini_array.*))
 *(.fini_array*)
 .fini_array    0x0000000008003000        0x4 C:/ST/STM32CubeIDE_1.8.0/STM32CubeIDE/plugins/com.st.stm32cube.ide.mcu.externaltools.gnu-tools-for-stm32.11.3.rel1.win32_1.1.0.202305231506/tools/bin/../lib/gcc/arm-none-eabi/11.3.1/thumb/v7e-m+fp/hard/crtbegin.o
                [!provide]                        PROVIDE (__fini_array_end = .)
                0x0000000008003004                . = ALIGN (0x4)
                0x0000000008003004                _sidata = LOADADDR (.data)

.data           0x0000000020000000        0xc load address 0x0000000008003004
                0x0000000020000000                . = ALIGN (0x4)
                0x0000000020000000                _sdata = .
 *(.data)
 *(.data*)
 .data.SystemCoreClock
                0x0000000020000000        0x4 ./Core/Src/system_stm32g4xx.o
                0x0000000020000000                SystemCoreClock
 .data.uwTickPrio
                0x0000000020000004        0x4 ./Drivers/STM32G4xx_HAL_Driver/Src/stm32g4xx_hal.o
                0x0000000020000004                uwTickPrio
 .data.uwTickFreq
                0x0000000020000008        0x4 ./Drivers/STM32G4xx_HAL_Driver/Src/stm32g4xx_hal.o
                0x0000000020000008                uwTickFreq
 *(.RamFunc)
 *(.RamFunc*)
                0x000000002000000c                . = ALIGN (0x4)
                0x000000002000000c                _edata = .

.igot.plt       0x000000002000000c        0x0 load address 0x0000000008003010
 .igot.plt      0x000000002000000c        0x0 C:/ST/STM32CubeIDE_1.8.0/STM32CubeIDE/plugins/com.st.stm32cube.ide.mcu.externaltools.gnu-tools-for-stm32.11.3.rel1.win32_1.1.0.202305231506/tools/bin/../lib/gcc/arm-none-eabi/11.3.1/thumb/v7e-m+fp/hard/crtbegin.o
                0x000000002000000c                . = ALIGN (0x4)

.bss            0x000000002000000c       0x84 load address 0x0000000008003010
                0x000000002000000c                _sbss = .
                0x000000002000000c                __bss_start__ = _sbss
 *(.bss)
 .bss           0x000000002000000c       0x1c C:/ST/STM32CubeIDE_1.8.0/STM32CubeIDE/plugins/com.st.stm32cube.ide.mcu.externaltools.gnu-tools-for-stm32.11.3.rel1.win32_1.1.0.202305231506/tools/bin/../lib/gcc/arm-none-eabi/11.3.1/thumb/v7e-m+fp/hard/crtbegin.o
 *(.bss*)
 .bss.hspi1     0x0000000020000028       0x64 ./Core/Src/spi.o
                0x0000000020000028                hspi1
 .bss.uwTick    0x000000002000008c        0x4 ./Drivers/STM32G4xx_HAL_Driver/Src/stm32g4xx_hal.o
                0x000000002000008c                uwTick
 *(COMMON)
                0x0000000020000090                . = ALIGN (0x4)
                0x0000000020000090                _ebss = .
                0x0000000020000090                __bss_end__ = _ebss

._user_heap_stack
                0x0000000020000090      0x600 load address 0x0000000008003010
                0x0000000020000090                . = ALIGN (0x8)
                [!provide]                        PROVIDE (end = .)
                0x0000000020000090                PROVIDE (_end = .)
                0x0000000020000290                . = (. + _Min_Heap_Size)
 *fill*         0x0000000020000090      0x200 
                0x0000000020000690                . = (. + _Min_Stack_Size)
 *fill*         0x0000000020000290      0x400 
                0x0000000020000690                . = ALIGN (0x8)

/DISCARD/
 libc.a(*)
 libm.a(*)
 libgcc.a(*)

.ARM.attributes
                0x0000000000000000       0x30
 *(.ARM.attributes)
 .ARM.attributes
                0x0000000000000000       0x1e C:/ST/STM32CubeIDE_1.8.0/STM32CubeIDE/plugins/com.st.stm32cube.ide.mcu.externaltools.gnu-tools-for-stm32.11.3.rel1.win32_1.1.0.202305231506/tools/bin/../lib/gcc/arm-none-eabi/11.3.1/thumb/v7e-m+fp/hard/crti.o
 .ARM.attributes
                0x000000000000001e       0x34 C:/ST/STM32CubeIDE_1.8.0/STM32CubeIDE/plugins/com.st.stm32cube.ide.mcu.externaltools.gnu-tools-for-stm32.11.3.rel1.win32_1.1.0.202305231506/tools/bin/../lib/gcc/arm-none-eabi/11.3.1/thumb/v7e-m+fp/hard/crtbegin.o
 .ARM.attributes
                0x0000000000000052       0x34 ./Core/Src/gpio.o
 .ARM.attributes
                0x0000000000000086       0x34 ./Core/Src/main.o
 .ARM.attributes
                0x00000000000000ba       0x34 ./Core/Src/spi.o
 .ARM.attributes
                0x00000000000000ee       0x34 ./Core/Src/stm32g4xx_hal_msp.o
 .ARM.attributes
                0x0000000000000122       0x34 ./Core/Src/stm32g4xx_it.o
 .ARM.attributes
                0x0000000000000156       0x34 ./Core/Src/system_stm32g4xx.o
 .ARM.attributes
                0x000000000000018a       0x34 ./Core/Src/tmc5160.o
 .ARM.attributes
                0x00000000000001be       0x21 ./Core/Startup/startup_stm32g474retx.o
 .ARM.attributes
                0x00000000000001df       0x34 ./Drivers/STM32G4xx_HAL_Driver/Src/stm32g4xx_hal.o
 .ARM.attributes
                0x0000000000000213       0x34 ./Drivers/STM32G4xx_HAL_Driver/Src/stm32g4xx_hal_cortex.o
 .ARM.attributes
                0x0000000000000247       0x34 ./Drivers/STM32G4xx_HAL_Driver/Src/stm32g4xx_hal_gpio.o
 .ARM.attributes
                0x000000000000027b       0x34 ./Drivers/STM32G4xx_HAL_Driver/Src/stm32g4xx_hal_pwr_ex.o
 .ARM.attributes
                0x00000000000002af       0x34 ./Drivers/STM32G4xx_HAL_Driver/Src/stm32g4xx_hal_rcc.o
 .ARM.attributes
                0x00000000000002e3       0x34 ./Drivers/STM32G4xx_HAL_Driver/Src/stm32g4xx_hal_spi.o
 .ARM.attributes
                0x0000000000000317       0x34 C:/ST/STM32CubeIDE_1.8.0/STM32CubeIDE/plugins/com.st.stm32cube.ide.mcu.externaltools.gnu-tools-for-stm32.11.3.rel1.win32_1.1.0.202305231506/tools/bin/../lib/gcc/arm-none-eabi/11.3.1/../../../../arm-none-eabi/lib/thumb/v7e-m+fp/hard\libc_nano.a(libc_a-memset.o)
 .ARM.attributes
                0x000000000000034b       0x34 C:/ST/STM32CubeIDE_1.8.0/STM32CubeIDE/plugins/com.st.stm32cube.ide.mcu.externaltools.gnu-tools-for-stm32.11.3.rel1.win32_1.1.0.202305231506/tools/bin/../lib/gcc/arm-none-eabi/11.3.1/../../../../arm-none-eabi/lib/thumb/v7e-m+fp/hard\libc_nano.a(libc_a-init.o)
 .ARM.attributes
                0x000000000000037f       0x1e C:/ST/STM32CubeIDE_1.8.0/STM32CubeIDE/plugins/com.st.stm32cube.ide.mcu.externaltools.gnu-tools-for-stm32.11.3.rel1.win32_1.1.0.202305231506/tools/bin/../lib/gcc/arm-none-eabi/11.3.1/thumb/v7e-m+fp/hard\libgcc.a(_arm_addsubdf3.o)
 .ARM.attributes
                0x000000000000039d       0x1e C:/ST/STM32CubeIDE_1.8.0/STM32CubeIDE/plugins/com.st.stm32cube.ide.mcu.externaltools.gnu-tools-for-stm32.11.3.rel1.win32_1.1.0.202305231506/tools/bin/../lib/gcc/arm-none-eabi/11.3.1/thumb/v7e-m+fp/hard\libgcc.a(_arm_muldivdf3.o)
 .ARM.attributes
                0x00000000000003bb       0x1e C:/ST/STM32CubeIDE_1.8.0/STM32CubeIDE/plugins/com.st.stm32cube.ide.mcu.externaltools.gnu-tools-for-stm32.11.3.rel1.win32_1.1.0.202305231506/tools/bin/../lib/gcc/arm-none-eabi/11.3.1/thumb/v7e-m+fp/hard\libgcc.a(_arm_fixunsdfsi.o)
 .ARM.attributes
                0x00000000000003d9       0x1e C:/ST/STM32CubeIDE_1.8.0/STM32CubeIDE/plugins/com.st.stm32cube.ide.mcu.externaltools.gnu-tools-for-stm32.11.3.rel1.win32_1.1.0.202305231506/tools/bin/../lib/gcc/arm-none-eabi/11.3.1/thumb/v7e-m+fp/hard/crtn.o
OUTPUT(G4_STEPPER_SPI.elf elf32-littlearm)
LOAD linker stubs
LOAD C:/ST/STM32CubeIDE_1.8.0/STM32CubeIDE/plugins/com.st.stm32cube.ide.mcu.externaltools.gnu-tools-for-stm32.11.3.rel1.win32_1.1.0.202305231506/tools/bin/../lib/gcc/arm-none-eabi/11.3.1/../../../../arm-none-eabi/lib/thumb/v7e-m+fp/hard\libc.a
LOAD C:/ST/STM32CubeIDE_1.8.0/STM32CubeIDE/plugins/com.st.stm32cube.ide.mcu.externaltools.gnu-tools-for-stm32.11.3.rel1.win32_1.1.0.202305231506/tools/bin/../lib/gcc/arm-none-eabi/11.3.1/../../../../arm-none-eabi/lib/thumb/v7e-m+fp/hard\libm.a
LOAD C:/ST/STM32CubeIDE_1.8.0/STM32CubeIDE/plugins/com.st.stm32cube.ide.mcu.externaltools.gnu-tools-for-stm32.11.3.rel1.win32_1.1.0.202305231506/tools/bin/../lib/gcc/arm-none-eabi/11.3.1/thumb/v7e-m+fp/hard\libgcc.a

.comment        0x0000000000000000       0x43
 .comment       0x0000000000000000       0x43 C:/ST/STM32CubeIDE_1.8.0/STM32CubeIDE/plugins/com.st.stm32cube.ide.mcu.externaltools.gnu-tools-for-stm32.11.3.rel1.win32_1.1.0.202305231506/tools/bin/../lib/gcc/arm-none-eabi/11.3.1/thumb/v7e-m+fp/hard/crtbegin.o
                                         0x44 (size before relaxing)
 .comment       0x0000000000000043       0x44 ./Core/Src/gpio.o
 .comment       0x0000000000000043       0x44 ./Core/Src/main.o
 .comment       0x0000000000000043       0x44 ./Core/Src/spi.o
 .comment       0x0000000000000043       0x44 ./Core/Src/stm32g4xx_hal_msp.o
 .comment       0x0000000000000043       0x44 ./Core/Src/stm32g4xx_it.o
 .comment       0x0000000000000043       0x44 ./Core/Src/system_stm32g4xx.o
 .comment       0x0000000000000043       0x44 ./Core/Src/tmc5160.o
 .comment       0x0000000000000043       0x44 ./Drivers/STM32G4xx_HAL_Driver/Src/stm32g4xx_hal.o
 .comment       0x0000000000000043       0x44 ./Drivers/STM32G4xx_HAL_Driver/Src/stm32g4xx_hal_cortex.o
 .comment       0x0000000000000043       0x44 ./Drivers/STM32G4xx_HAL_Driver/Src/stm32g4xx_hal_gpio.o
 .comment       0x0000000000000043       0x44 ./Drivers/STM32G4xx_HAL_Driver/Src/stm32g4xx_hal_pwr_ex.o
 .comment       0x0000000000000043       0x44 ./Drivers/STM32G4xx_HAL_Driver/Src/stm32g4xx_hal_rcc.o
 .comment       0x0000000000000043       0x44 ./Drivers/STM32G4xx_HAL_Driver/Src/stm32g4xx_hal_spi.o

.debug_info     0x0000000000000000     0x7633
 .debug_info    0x0000000000000000      0x47f ./Core/Src/gpio.o
 .debug_info    0x000000000000047f      0x387 ./Core/Src/main.o
 .debug_info    0x0000000000000806      0xaec ./Core/Src/spi.o
 .debug_info    0x00000000000012f2      0x2da ./Core/Src/stm32g4xx_hal_msp.o
 .debug_info    0x00000000000015cc      0x113 ./Core/Src/stm32g4xx_it.o
 .debug_info    0x00000000000016df      0x58e ./Core/Src/system_stm32g4xx.o
 .debug_info    0x0000000000001c6d      0xcd9 ./Core/Src/tmc5160.o
 .debug_info    0x0000000000002946       0x23 ./Core/Startup/startup_stm32g474retx.o
 .debug_info    0x0000000000002969      0xb53 ./Drivers/STM32G4xx_HAL_Driver/Src/stm32g4xx_hal.o
 .debug_info    0x00000000000034bc      0xdad ./Drivers/STM32G4xx_HAL_Driver/Src/stm32g4xx_hal_cortex.o
 .debug_info    0x0000000000004269      0x763 ./Drivers/STM32G4xx_HAL_Driver/Src/stm32g4xx_hal_gpio.o
 .debug_info    0x00000000000049cc      0x93f ./Drivers/STM32G4xx_HAL_Driver/Src/stm32g4xx_hal_pwr_ex.o
 .debug_info    0x000000000000530b      0xbe0 ./Drivers/STM32G4xx_HAL_Driver/Src/stm32g4xx_hal_rcc.o
 .debug_info    0x0000000000005eeb     0x1748 ./Drivers/STM32G4xx_HAL_Driver/Src/stm32g4xx_hal_spi.o

.debug_abbrev   0x0000000000000000     0x195d
 .debug_abbrev  0x0000000000000000      0x152 ./Core/Src/gpio.o
 .debug_abbrev  0x0000000000000152      0x1ec ./Core/Src/main.o
 .debug_abbrev  0x000000000000033e      0x1ef ./Core/Src/spi.o
 .debug_abbrev  0x000000000000052d       0xd9 ./Core/Src/stm32g4xx_hal_msp.o
 .debug_abbrev  0x0000000000000606       0x73 ./Core/Src/stm32g4xx_it.o
 .debug_abbrev  0x0000000000000679      0x11a ./Core/Src/system_stm32g4xx.o
 .debug_abbrev  0x0000000000000793      0x304 ./Core/Src/tmc5160.o
 .debug_abbrev  0x0000000000000a97       0x12 ./Core/Startup/startup_stm32g474retx.o
 .debug_abbrev  0x0000000000000aa9      0x271 ./Drivers/STM32G4xx_HAL_Driver/Src/stm32g4xx_hal.o
 .debug_abbrev  0x0000000000000d1a      0x31c ./Drivers/STM32G4xx_HAL_Driver/Src/stm32g4xx_hal_cortex.o
 .debug_abbrev  0x0000000000001036      0x1cb ./Drivers/STM32G4xx_HAL_Driver/Src/stm32g4xx_hal_gpio.o
 .debug_abbrev  0x0000000000001201      0x22c ./Drivers/STM32G4xx_HAL_Driver/Src/stm32g4xx_hal_pwr_ex.o
 .debug_abbrev  0x000000000000142d      0x2c9 ./Drivers/STM32G4xx_HAL_Driver/Src/stm32g4xx_hal_rcc.o
 .debug_abbrev  0x00000000000016f6      0x267 ./Drivers/STM32G4xx_HAL_Driver/Src/stm32g4xx_hal_spi.o

.debug_aranges  0x0000000000000000      0x858
 .debug_aranges
                0x0000000000000000       0x20 ./Core/Src/gpio.o
 .debug_aranges
                0x0000000000000020       0x30 ./Core/Src/main.o
 .debug_aranges
                0x0000000000000050       0x30 ./Core/Src/spi.o
 .debug_aranges
                0x0000000000000080       0x20 ./Core/Src/stm32g4xx_hal_msp.o
 .debug_aranges
                0x00000000000000a0       0x60 ./Core/Src/stm32g4xx_it.o
 .debug_aranges
                0x0000000000000100       0x28 ./Core/Src/system_stm32g4xx.o
 .debug_aranges
                0x0000000000000128       0xb8 ./Core/Src/tmc5160.o
 .debug_aranges
                0x00000000000001e0       0x28 ./Core/Startup/startup_stm32g474retx.o
 .debug_aranges
                0x0000000000000208      0x130 ./Drivers/STM32G4xx_HAL_Driver/Src/stm32g4xx_hal.o
 .debug_aranges
                0x0000000000000338      0x118 ./Drivers/STM32G4xx_HAL_Driver/Src/stm32g4xx_hal_cortex.o
 .debug_aranges
                0x0000000000000450       0x58 ./Drivers/STM32G4xx_HAL_Driver/Src/stm32g4xx_hal_gpio.o
 .debug_aranges
                0x00000000000004a8      0x140 ./Drivers/STM32G4xx_HAL_Driver/Src/stm32g4xx_hal_pwr_ex.o
 .debug_aranges
                0x00000000000005e8       0x98 ./Drivers/STM32G4xx_HAL_Driver/Src/stm32g4xx_hal_rcc.o
 .debug_aranges
                0x0000000000000680      0x1d8 ./Drivers/STM32G4xx_HAL_Driver/Src/stm32g4xx_hal_spi.o

.debug_rnglists
                0x0000000000000000      0x631
 .debug_rnglists
                0x0000000000000000       0x14 ./Core/Src/gpio.o
 .debug_rnglists
                0x0000000000000014       0x20 ./Core/Src/main.o
 .debug_rnglists
                0x0000000000000034       0x20 ./Core/Src/spi.o
 .debug_rnglists
                0x0000000000000054       0x13 ./Core/Src/stm32g4xx_hal_msp.o
 .debug_rnglists
                0x0000000000000067       0x43 ./Core/Src/stm32g4xx_it.o
 .debug_rnglists
                0x00000000000000aa       0x1a ./Core/Src/system_stm32g4xx.o
 .debug_rnglists
                0x00000000000000c4       0x8b ./Core/Src/tmc5160.o
 .debug_rnglists
                0x000000000000014f       0x19 ./Core/Startup/startup_stm32g474retx.o
 .debug_rnglists
                0x0000000000000168       0xdf ./Drivers/STM32G4xx_HAL_Driver/Src/stm32g4xx_hal.o
 .debug_rnglists
                0x0000000000000247       0xce ./Drivers/STM32G4xx_HAL_Driver/Src/stm32g4xx_hal_cortex.o
 .debug_rnglists
                0x0000000000000315       0x3f ./Drivers/STM32G4xx_HAL_Driver/Src/stm32g4xx_hal_gpio.o
 .debug_rnglists
                0x0000000000000354       0xf1 ./Drivers/STM32G4xx_HAL_Driver/Src/stm32g4xx_hal_pwr_ex.o
 .debug_rnglists
                0x0000000000000445       0x74 ./Drivers/STM32G4xx_HAL_Driver/Src/stm32g4xx_hal_rcc.o
 .debug_rnglists
                0x00000000000004b9      0x178 ./Drivers/STM32G4xx_HAL_Driver/Src/stm32g4xx_hal_spi.o

.debug_macro    0x0000000000000000    0x23dbd
 .debug_macro   0x0000000000000000      0x1d4 ./Core/Src/gpio.o
 .debug_macro   0x00000000000001d4      0xaa8 ./Core/Src/gpio.o
 .debug_macro   0x0000000000000c7c      0x155 ./Core/Src/gpio.o
 .debug_macro   0x0000000000000dd1       0x2e ./Core/Src/gpio.o
 .debug_macro   0x0000000000000dff       0x28 ./Core/Src/gpio.o
 .debug_macro   0x0000000000000e27       0x22 ./Core/Src/gpio.o
 .debug_macro   0x0000000000000e49       0x8e ./Core/Src/gpio.o
 .debug_macro   0x0000000000000ed7       0x51 ./Core/Src/gpio.o
 .debug_macro   0x0000000000000f28      0x103 ./Core/Src/gpio.o
 .debug_macro   0x000000000000102b       0x6a ./Core/Src/gpio.o
 .debug_macro   0x0000000000001095      0x1df ./Core/Src/gpio.o
 .debug_macro   0x0000000000001274       0x1c ./Core/Src/gpio.o
 .debug_macro   0x0000000000001290       0x22 ./Core/Src/gpio.o
 .debug_macro   0x00000000000012b2       0xfb ./Core/Src/gpio.o
 .debug_macro   0x00000000000013ad     0x1011 ./Core/Src/gpio.o
 .debug_macro   0x00000000000023be      0x11f ./Core/Src/gpio.o
 .debug_macro   0x00000000000024dd    0x18b93 ./Core/Src/gpio.o
 .debug_macro   0x000000000001b070       0x6d ./Core/Src/gpio.o
 .debug_macro   0x000000000001b0dd     0x3554 ./Core/Src/gpio.o
 .debug_macro   0x000000000001e631      0x174 ./Core/Src/gpio.o
 .debug_macro   0x000000000001e7a5       0x5c ./Core/Src/gpio.o
 .debug_macro   0x000000000001e801     0x171f ./Core/Src/gpio.o
 .debug_macro   0x000000000001ff20      0x600 ./Core/Src/gpio.o
 .debug_macro   0x0000000000020520      0x1b6 ./Core/Src/gpio.o
 .debug_macro   0x00000000000206d6      0x34a ./Core/Src/gpio.o
 .debug_macro   0x0000000000020a20      0x53c ./Core/Src/gpio.o
 .debug_macro   0x0000000000020f5c      0x18b ./Core/Src/gpio.o
 .debug_macro   0x00000000000210e7       0x43 ./Core/Src/gpio.o
 .debug_macro   0x000000000002112a      0x23d ./Core/Src/gpio.o
 .debug_macro   0x0000000000021367      0x211 ./Core/Src/gpio.o
 .debug_macro   0x0000000000021578      0x45c ./Core/Src/gpio.o
 .debug_macro   0x00000000000219d4      0x11c ./Core/Src/gpio.o
 .debug_macro   0x0000000000021af0      0x122 ./Core/Src/gpio.o
 .debug_macro   0x0000000000021c12      0x3d1 ./Core/Src/gpio.o
 .debug_macro   0x0000000000021fe3      0x2fe ./Core/Src/gpio.o
 .debug_macro   0x00000000000222e1      0x358 ./Core/Src/gpio.o
 .debug_macro   0x0000000000022639       0x40 ./Core/Src/gpio.o
 .debug_macro   0x0000000000022679      0x1fe ./Core/Src/main.o
 .debug_macro   0x0000000000022877       0x22 ./Core/Src/main.o
 .debug_macro   0x0000000000022899       0x8e ./Core/Src/main.o
 .debug_macro   0x0000000000022927      0x1d4 ./Core/Src/spi.o
 .debug_macro   0x0000000000022afb      0x1ca ./Core/Src/stm32g4xx_hal_msp.o
 .debug_macro   0x0000000000022cc5      0x1d4 ./Core/Src/stm32g4xx_it.o
 .debug_macro   0x0000000000022e99      0x1bb ./Core/Src/system_stm32g4xx.o
 .debug_macro   0x0000000000023054      0x1f8 ./Core/Src/tmc5160.o
 .debug_macro   0x000000000002324c       0x46 ./Core/Src/tmc5160.o
 .debug_macro   0x0000000000023292      0x209 ./Drivers/STM32G4xx_HAL_Driver/Src/stm32g4xx_hal.o
 .debug_macro   0x000000000002349b      0x1bb ./Drivers/STM32G4xx_HAL_Driver/Src/stm32g4xx_hal_cortex.o
 .debug_macro   0x0000000000023656      0x1c2 ./Drivers/STM32G4xx_HAL_Driver/Src/stm32g4xx_hal_gpio.o
 .debug_macro   0x0000000000023818      0x1e5 ./Drivers/STM32G4xx_HAL_Driver/Src/stm32g4xx_hal_pwr_ex.o
 .debug_macro   0x00000000000239fd      0x1fd ./Drivers/STM32G4xx_HAL_Driver/Src/stm32g4xx_hal_rcc.o
 .debug_macro   0x0000000000023bfa      0x1c3 ./Drivers/STM32G4xx_HAL_Driver/Src/stm32g4xx_hal_spi.o

.debug_line     0x0000000000000000     0x9933
 .debug_line    0x0000000000000000      0x756 ./Core/Src/gpio.o
 .debug_line    0x0000000000000756      0x809 ./Core/Src/main.o
 .debug_line    0x0000000000000f5f      0x7b3 ./Core/Src/spi.o
 .debug_line    0x0000000000001712      0x72c ./Core/Src/stm32g4xx_hal_msp.o
 .debug_line    0x0000000000001e3e      0x7ed ./Core/Src/stm32g4xx_it.o
 .debug_line    0x000000000000262b      0x794 ./Core/Src/system_stm32g4xx.o
 .debug_line    0x0000000000002dbf      0xcb5 ./Core/Src/tmc5160.o
 .debug_line    0x0000000000003a74       0x7b ./Core/Startup/startup_stm32g474retx.o
 .debug_line    0x0000000000003aef      0xb0b ./Drivers/STM32G4xx_HAL_Driver/Src/stm32g4xx_hal.o
 .debug_line    0x00000000000045fa      0xcbe ./Drivers/STM32G4xx_HAL_Driver/Src/stm32g4xx_hal_cortex.o
 .debug_line    0x00000000000052b8      0xb4e ./Drivers/STM32G4xx_HAL_Driver/Src/stm32g4xx_hal_gpio.o
 .debug_line    0x0000000000005e06      0xcc2 ./Drivers/STM32G4xx_HAL_Driver/Src/stm32g4xx_hal_pwr_ex.o
 .debug_line    0x0000000000006ac8      0xf1e ./Drivers/STM32G4xx_HAL_Driver/Src/stm32g4xx_hal_rcc.o
 .debug_line    0x00000000000079e6     0x1f4d ./Drivers/STM32G4xx_HAL_Driver/Src/stm32g4xx_hal_spi.o

.debug_str      0x0000000000000000    0xe1719
 .debug_str     0x0000000000000000    0xde951 ./Core/Src/gpio.o
                                      0xdebee (size before relaxing)
 .debug_str     0x00000000000de951      0x553 ./Core/Src/main.o
                                      0xdeee3 (size before relaxing)
 .debug_str     0x00000000000deea4      0x4dc ./Core/Src/spi.o
                                      0xdf123 (size before relaxing)
 .debug_str     0x00000000000df380       0x4d ./Core/Src/stm32g4xx_hal_msp.o
                                      0xdeb44 (size before relaxing)
 .debug_str     0x00000000000df3cd       0xc9 ./Core/Src/stm32g4xx_it.o
                                      0xdea53 (size before relaxing)
 .debug_str     0x00000000000df496       0xdb ./Core/Src/system_stm32g4xx.o
                                      0xdeb08 (size before relaxing)
 .debug_str     0x00000000000df571      0x1de ./Core/Src/tmc5160.o
                                      0xdf468 (size before relaxing)
 .debug_str     0x00000000000df74f       0x34 ./Core/Startup/startup_stm32g474retx.o
                                         0x72 (size before relaxing)
 .debug_str     0x00000000000df783      0xbf9 ./Drivers/STM32G4xx_HAL_Driver/Src/stm32g4xx_hal.o
                                      0xdf7f3 (size before relaxing)
 .debug_str     0x00000000000e037c      0x33a ./Drivers/STM32G4xx_HAL_Driver/Src/stm32g4xx_hal_cortex.o
                                      0xdf49e (size before relaxing)
 .debug_str     0x00000000000e06b6      0x11f ./Drivers/STM32G4xx_HAL_Driver/Src/stm32g4xx_hal_gpio.o
                                      0xdec93 (size before relaxing)
 .debug_str     0x00000000000e07d5      0x4a5 ./Drivers/STM32G4xx_HAL_Driver/Src/stm32g4xx_hal_pwr_ex.o
                                      0xdeff6 (size before relaxing)
 .debug_str     0x00000000000e0c7a      0x506 ./Drivers/STM32G4xx_HAL_Driver/Src/stm32g4xx_hal_rcc.o
                                      0xdf227 (size before relaxing)
 .debug_str     0x00000000000e1180      0x599 ./Drivers/STM32G4xx_HAL_Driver/Src/stm32g4xx_hal_spi.o
                                      0xdf440 (size before relaxing)

.debug_frame    0x0000000000000000     0x2100
 .debug_frame   0x0000000000000000       0x34 ./Core/Src/gpio.o
 .debug_frame   0x0000000000000034       0x6c ./Core/Src/main.o
 .debug_frame   0x00000000000000a0       0x74 ./Core/Src/spi.o
 .debug_frame   0x0000000000000114       0x34 ./Core/Src/stm32g4xx_hal_msp.o
 .debug_frame   0x0000000000000148      0x104 ./Core/Src/stm32g4xx_it.o
 .debug_frame   0x000000000000024c       0x58 ./Core/Src/system_stm32g4xx.o
 .debug_frame   0x00000000000002a4      0x2d4 ./Core/Src/tmc5160.o
 .debug_frame   0x0000000000000578      0x4a0 ./Drivers/STM32G4xx_HAL_Driver/Src/stm32g4xx_hal.o
 .debug_frame   0x0000000000000a18      0x498 ./Drivers/STM32G4xx_HAL_Driver/Src/stm32g4xx_hal_cortex.o
 .debug_frame   0x0000000000000eb0      0x14c ./Drivers/STM32G4xx_HAL_Driver/Src/stm32g4xx_hal_gpio.o
 .debug_frame   0x0000000000000ffc      0x4fc ./Drivers/STM32G4xx_HAL_Driver/Src/stm32g4xx_hal_pwr_ex.o
 .debug_frame   0x00000000000014f8      0x23c ./Drivers/STM32G4xx_HAL_Driver/Src/stm32g4xx_hal_rcc.o
 .debug_frame   0x0000000000001734      0x860 ./Drivers/STM32G4xx_HAL_Driver/Src/stm32g4xx_hal_spi.o
 .debug_frame   0x0000000000001f94       0x20 C:/ST/STM32CubeIDE_1.8.0/STM32CubeIDE/plugins/com.st.stm32cube.ide.mcu.externaltools.gnu-tools-for-stm32.11.3.rel1.win32_1.1.0.202305231506/tools/bin/../lib/gcc/arm-none-eabi/11.3.1/../../../../arm-none-eabi/lib/thumb/v7e-m+fp/hard\libc_nano.a(libc_a-memset.o)
 .debug_frame   0x0000000000001fb4       0x2c C:/ST/STM32CubeIDE_1.8.0/STM32CubeIDE/plugins/com.st.stm32cube.ide.mcu.externaltools.gnu-tools-for-stm32.11.3.rel1.win32_1.1.0.202305231506/tools/bin/../lib/gcc/arm-none-eabi/11.3.1/../../../../arm-none-eabi/lib/thumb/v7e-m+fp/hard\libc_nano.a(libc_a-init.o)
 .debug_frame   0x0000000000001fe0       0xac C:/ST/STM32CubeIDE_1.8.0/STM32CubeIDE/plugins/com.st.stm32cube.ide.mcu.externaltools.gnu-tools-for-stm32.11.3.rel1.win32_1.1.0.202305231506/tools/bin/../lib/gcc/arm-none-eabi/11.3.1/thumb/v7e-m+fp/hard\libgcc.a(_arm_addsubdf3.o)
 .debug_frame   0x000000000000208c       0x50 C:/ST/STM32CubeIDE_1.8.0/STM32CubeIDE/plugins/com.st.stm32cube.ide.mcu.externaltools.gnu-tools-for-stm32.11.3.rel1.win32_1.1.0.202305231506/tools/bin/../lib/gcc/arm-none-eabi/11.3.1/thumb/v7e-m+fp/hard\libgcc.a(_arm_muldivdf3.o)
 .debug_frame   0x00000000000020dc       0x24 C:/ST/STM32CubeIDE_1.8.0/STM32CubeIDE/plugins/com.st.stm32cube.ide.mcu.externaltools.gnu-tools-for-stm32.11.3.rel1.win32_1.1.0.202305231506/tools/bin/../lib/gcc/arm-none-eabi/11.3.1/thumb/v7e-m+fp/hard\libgcc.a(_arm_fixunsdfsi.o)

.debug_line_str
                0x0000000000000000       0x66
 .debug_line_str
                0x0000000000000000       0x66 ./Core/Startup/startup_stm32g474retx.o
                                         0x7e (size before relaxing)
