../Core/Src/tmc5160.c:26:6:tmc5160_position	24	static
../Core/Src/tmc5160.c:41:6:tmc5160_move	32	static
../Core/Src/tmc5160.c:78:6:tmc5160_velocity	32	static
../Core/Src/tmc5160.c:104:6:tmc5160_effort	40	static
../Core/Src/tmc5160.c:125:6:tmc5160_acceleration	24	static
../Core/Src/tmc5160.c:163:6:tmc5160_write	16	static
../Core/Src/tmc5160.c:171:6:tmc5160_read	24	static
../Core/Src/tmc5160.c:183:9:tmc5160_position_read	32	static
../Core/Src/tmc5160.c:203:9:tmc5160_velocity_read	32	static
../Core/Src/tmc5160.c:226:6:tmc5160_init	16	static
../Core/Src/tmc5160.c:282:6:tmc5160_set_inverse_motor_direction	16	static
../Core/Src/tmc5160.c:289:6:tmc5160_set_forward_motor_direction	16	static
../Core/Src/tmc5160.c:296:6:tmc5160_set_zero	24	static
../Core/Src/tmc5160.c:311:6:tmc5160_disarm	8	static
../Core/Src/tmc5160.c:316:6:tmc5160_arm	8	static
../Core/Src/tmc5160.c:321:6:tmc5160_stop	24	static
../Core/Src/tmc5160.c:339:9:sign_extend_bits_to_32	32	static
../Core/Src/tmc5160.c:357:8:clamp_value_noref	32	static
../Core/Src/tmc5160.c:363:6:clamp_value	24	static
../Core/Src/tmc5160.c:368:9:torque_to_curent	32	static
